// Jest Snapshot v1, https://goo.gl/fbAQLP

exports[`render correctly board component 1`] = `
<div
  className="sc-AxiKw eYehTe"
/>
`;
